<html>
<body>
<pre>
<h1>µVision Build Log</h1>
<h2>Project:</h2>
C:\Users\Elo\Desktop\LiDAR\src\LIDAR\uvision\lidar.uvproj
Project File Date:  07/14/2017

<h2>Output:</h2>
Rebuild target 'Target 1'
assembling Startup.s...
compiling I2C0.c...
compiling I2C1.c...
compiling LIDAR.c...
compiling main.c...
..\main.c(18): warning:  #550-D: variable "debug" was set but never used
        BOOL debug, ms;
..\main.c: 1 warning, 0 errors
compiling TMR.c...
compiling UART.c...
linking...
Program Size: Code=9840 RO-data=32 RW-data=32 ZI-data=2064  
FromELF: creating hex file...
".\lidar.axf" - 0 Error(s), 1 Warning(s).
</pre>
</body>
</html>
atement in block
        BOOL ms = ms_stat();
..\main.c: 0 warnings, 2 errors
compiling TMR.c...
compiling UART.c...
"..\build\lidar.axf" - 3 Error(s), 0 Warning(s).
Target not created
